// Jest Snapshot v1, https://goo.gl/fbAQLP

exports[`BoardForBrightnessAndSaturation render correctly 1`] = `
<div
  class="cp-panel"
  style="width:300px;height:300px;background:#ff0000"
>
  <div
    class="cp-panel-saturation-layer"
  />
  <div
    class="cp-panel-brightness-layer"
  />
  <div
    class="cp-panel-pointer"
    style="bottom:calc(100% - 10px);left:calc(100% - 10px);width:10px;height:10px"
  />
</div>
`;
